[uiparadox.co.uk/public/templates/lux_hotel/index.html]
[backblue.gif]
[fade.gif]
[index.html]
[uiparadox.co.uk/public/templates/lux_hotel/assets/media/favicon.png]
[uiparadox.co.uk/public/templates/lux_hotel/assets/css/vendor/bootstrap.min.css]
[uiparadox.co.uk/public/templates/lux_hotel/assets/css/vendor/slick.css]
[uiparadox.co.uk/public/templates/lux_hotel/assets/css/vendor/slick-theme.css]
[uiparadox.co.uk/public/templates/lux_hotel/assets/css/vendor/all.min.css]
[uiparadox.co.uk/public/templates/lux_hotel/assets/css/vendor/classic.css]
[uiparadox.co.uk/public/templates/lux_hotel/assets/css/vendor/classic.date.css]
[uiparadox.co.uk/public/templates/lux_hotel/assets/css/vendor/animate.min.css]
[uiparadox.co.uk/public/templates/lux_hotel/assets/css/vendor/sal.css]
[uiparadox.co.uk/public/templates/lux_hotel/assets/css/app.css]
[uiparadox.co.uk/public/templates/lux_hotel/assets/js/vendor/loader.js]
[uiparadox.co.uk/public/templates/lux_hotel/assets/js/vendor/lottie.min.js]
[uiparadox.co.uk/public/templates/lux_hotel/assets/media/logo.png]
[uiparadox.co.uk/public/templates/lux_hotel/index-2.html]
[uiparadox.co.uk/public/templates/lux_hotel/about.html]
[uiparadox.co.uk/public/templates/lux_hotel/room-grid.html]
[uiparadox.co.uk/public/templates/lux_hotel/room-list.html]
[uiparadox.co.uk/public/templates/lux_hotel/room-detail.html]
[uiparadox.co.uk/public/templates/lux_hotel/blog-grid.html]
[uiparadox.co.uk/public/templates/lux_hotel/blog-sidebar.html]
[uiparadox.co.uk/public/templates/lux_hotel/blog-detail.html]
[uiparadox.co.uk/public/templates/lux_hotel/restaurant.html]
[uiparadox.co.uk/public/templates/lux_hotel/spa-relax.html]
[uiparadox.co.uk/public/templates/lux_hotel/gallery.html]
[uiparadox.co.uk/public/templates/lux_hotel/offers.html]
[uiparadox.co.uk/public/templates/lux_hotel/booking.html]
[uiparadox.co.uk/public/templates/lux_hotel/register.html]
[uiparadox.co.uk/public/templates/lux_hotel/login.html]
[uiparadox.co.uk/public/templates/lux_hotel/coming-soon.html]
[uiparadox.co.uk/public/templates/lux_hotel/error.html]
[uiparadox.co.uk/public/templates/lux_hotel/contact.html]
[uiparadox.co.uk/public/templates/lux_hotel/assets/media/mobile-logo.png]
[uiparadox.co.uk/public/templates/lux_hotel/assets/media/background/banner-bg-2.png]
[uiparadox.co.uk/public/templates/lux_hotel/assets/media/background/mobile-banner-2.png]
[uiparadox.co.uk/public/templates/lux_hotel/assets/media/background/mobile-banner.png]
[uiparadox.co.uk/public/templates/lux_hotel/assets/media/background/banner-bg-3.png]
[uiparadox.co.uk/public/templates/lux_hotel/assets/media/background/mobile-banner-3.png]
[uiparadox.co.uk/public/templates/lux_hotel/assets/media/icon/arrow-dark.png]
[uiparadox.co.uk/public/templates/lux_hotel/assets/media/vector-shape/bottom-shape.png]
[uiparadox.co.uk/public/templates/lux_hotel/assets/media/icon/double-bed-icon.png]
[uiparadox.co.uk/public/templates/lux_hotel/assets/media/icon/tv-icon.png]
[uiparadox.co.uk/public/templates/lux_hotel/assets/media/icon/food-icon.png]
[uiparadox.co.uk/public/templates/lux_hotel/assets/media/card-image/image-2.png]
[uiparadox.co.uk/public/templates/lux_hotel/assets/media/card-image/image-3.png]
[uiparadox.co.uk/public/templates/lux_hotel/assets/media/card-image/image-4.png]
[uiparadox.co.uk/public/templates/lux_hotel/assets/media/vector-shape/right-top.png]
[uiparadox.co.uk/public/templates/lux_hotel/assets/media/vector-shape/right-bottom.png]
[uiparadox.co.uk/public/templates/lux_hotel/assets/media/card-image/couple-room.png]
[uiparadox.co.uk/public/templates/lux_hotel/assets/media/vector-shape/luxury-room-vec.png]
[uiparadox.co.uk/public/templates/lux_hotel/assets/media/vector-shape/mobile-room.png]
[uiparadox.co.uk/public/templates/lux_hotel/assets/media/card-image/family-room.png]
[uiparadox.co.uk/public/templates/lux_hotel/assets/media/card-image/deluxe-room.png]
[uiparadox.co.uk/public/templates/lux_hotel/assets/media/bg-shape/right-corner-shape.png]
[uiparadox.co.uk/public/templates/lux_hotel/assets/media/vector-shape/center-shape.png]
[uiparadox.co.uk/public/templates/lux_hotel/assets/media/card-image/image-8.png]
[uiparadox.co.uk/public/templates/lux_hotel/assets/media/card-image/image-9.png]
[uiparadox.co.uk/public/templates/lux_hotel/assets/media/card-image/image-10.png]
[uiparadox.co.uk/public/templates/lux_hotel/assets/media/card-image/image-11.png]
[uiparadox.co.uk/public/templates/lux_hotel/assets/media/vector-shape/top-left.png]
[uiparadox.co.uk/public/templates/lux_hotel/assets/media/vector-shape/top-right.png]
[uiparadox.co.uk/public/templates/lux_hotel/assets/media/icon/washroom.png]
[uiparadox.co.uk/public/templates/lux_hotel/assets/media/vector-shape/bottom-left.png]
[uiparadox.co.uk/public/templates/lux_hotel/assets/media/vector-shape/bottom-right.png]
[uiparadox.co.uk/public/templates/lux_hotel/assets/media/icon/wiFi.png]
[uiparadox.co.uk/public/templates/lux_hotel/assets/media/icon/sea.png]
[uiparadox.co.uk/public/templates/lux_hotel/assets/media/icon/parking.png]
[uiparadox.co.uk/public/templates/lux_hotel/assets/media/icon/pets.png]
[uiparadox.co.uk/public/templates/lux_hotel/assets/media/icon/washing-machine.png]
[uiparadox.co.uk/public/templates/lux_hotel/assets/media/vector-shape/activities-vec.png]
[uiparadox.co.uk/public/templates/lux_hotel/assets/media/user/1.png]
[uiparadox.co.uk/public/templates/lux_hotel/assets/media/card-image/image-12.png]
[uiparadox.co.uk/public/templates/lux_hotel/assets/media/user/2.png]
[uiparadox.co.uk/public/templates/lux_hotel/assets/media/card-image/image-13.png]
[uiparadox.co.uk/public/templates/lux_hotel/assets/media/user/3.png]
[uiparadox.co.uk/public/templates/lux_hotel/assets/media/card-image/image-14.png]
[uiparadox.co.uk/public/templates/lux_hotel/assets/media/user/4.png]
[uiparadox.co.uk/public/templates/lux_hotel/assets/media/card-image/image-15.png]
[uiparadox.co.uk/public/templates/lux_hotel/assets/media/gallery/1.png]
[uiparadox.co.uk/public/templates/lux_hotel/assets/media/gallery/2.png]
[uiparadox.co.uk/public/templates/lux_hotel/assets/media/gallery/3.png]
[uiparadox.co.uk/public/templates/lux_hotel/assets/media/gallery/4.png]
[uiparadox.co.uk/public/templates/lux_hotel/assets/media/gallery/5.png]
[uiparadox.co.uk/public/templates/lux_hotel/assets/media/gallery/6.png]
[uiparadox.co.uk/public/templates/lux_hotel/assets/media/gallery/7.png]
[uiparadox.co.uk/public/templates/lux_hotel/assets/media/footer-logo.png]
[uiparadox.co.uk/public/templates/lux_hotel/assets/js/vendor/jquery-3.6.3.min.js]
[uiparadox.co.uk/public/templates/lux_hotel/assets/js/vendor/bootstrap.min.js]
[uiparadox.co.uk/public/templates/lux_hotel/assets/js/vendor/gsap.min.js]
[uiparadox.co.uk/public/templates/lux_hotel/assets/js/vendor/scrollTrigger.min.js]
[uiparadox.co.uk/public/templates/lux_hotel/assets/js/vendor/ScrollToPlugin.min.js]
[uiparadox.co.uk/public/templates/lux_hotel/assets/js/vendor/ScrollSmoother.min.js]
[uiparadox.co.uk/public/templates/lux_hotel/assets/js/vendor/Flip.min.js]
[uiparadox.co.uk/public/templates/lux_hotel/assets/js/vendor/jquery-appear.js]
[uiparadox.co.uk/public/templates/lux_hotel/assets/js/vendor/jquery-validator.js]
[uiparadox.co.uk/public/templates/lux_hotel/assets/js/vendor/slick.min.js]
[uiparadox.co.uk/public/templates/lux_hotel/assets/js/vendor/picker.js]
[uiparadox.co.uk/public/templates/lux_hotel/assets/js/vendor/picker.date.js]
[uiparadox.co.uk/public/templates/lux_hotel/assets/js/vendor/slick-animation.min.js]
[uiparadox.co.uk/public/templates/lux_hotel/assets/js/vendor/sal.js]
[embed.cloudflarestream.com/embed/sdk.latest.js]
[uiparadox.co.uk/public/templates/lux_hotel/assets/js/date.js]
[uiparadox.co.uk/public/templates/lux_hotel/assets/js/app.js]
[uiparadox.co.uk/public/templates/lux_hotel/index.html]
[uiparadox.co.uk/public/templates/lux_hotel/assets/css/vendor/bootstrap.min.css]
[uiparadox.co.uk/public/templates/lux_hotel/assets/css/webfonts/fa-brands-400.woff2]
[uiparadox.co.uk/public/templates/lux_hotel/assets/css/webfonts/fa-brands-400.ttf]
[uiparadox.co.uk/public/templates/lux_hotel/assets/css/webfonts/fa-duotone-900.woff2]
[uiparadox.co.uk/public/templates/lux_hotel/assets/css/webfonts/fa-duotone-900.ttf]
[uiparadox.co.uk/public/templates/lux_hotel/assets/css/webfonts/fa-light-300.woff2]
[uiparadox.co.uk/public/templates/lux_hotel/assets/css/webfonts/fa-light-300.ttf]
[uiparadox.co.uk/public/templates/lux_hotel/assets/css/webfonts/fa-regular-400.woff2]
[uiparadox.co.uk/public/templates/lux_hotel/assets/css/webfonts/fa-regular-400.ttf]
[uiparadox.co.uk/public/templates/lux_hotel/assets/css/webfonts/fa-solid-900.woff2]
[uiparadox.co.uk/public/templates/lux_hotel/assets/css/webfonts/fa-solid-900.ttf]
[uiparadox.co.uk/public/templates/lux_hotel/assets/css/webfonts/fa-thin-100.ttf]
[uiparadox.co.uk/public/templates/lux_hotel/assets/css/webfonts/fa-v4compatibility.woff2]
[uiparadox.co.uk/public/templates/lux_hotel/assets/css/webfonts/fa-v4compatibility.ttf]
[uiparadox.co.uk/public/templates/lux_hotel/assets/css/vendor/all.min.css]
[uiparadox.co.uk/public/templates/lux_hotel/assets/css/vendor/slick.css]
[uiparadox.co.uk/public/templates/lux_hotel/assets/css/vendor/slick-theme.css]
[uiparadox.co.uk/public/templates/lux_hotel/assets/css/vendor/classic.css]
[uiparadox.co.uk/public/templates/lux_hotel/assets/css/vendor/classic.date.css]
[uiparadox.co.uk/public/templates/lux_hotel/assets/css/vendor/animate.min.css]
[uiparadox.co.uk/public/templates/lux_hotel/assets/css/vendor/sal.css]
[uiparadox.co.uk/public/templates/lux_hotel/assets/css/webfonts/lato/Lato-Regular.ttf]
[uiparadox.co.uk/public/templates/lux_hotel/assets/css/webfonts/lato/Lato-Medium.ttf]
[uiparadox.co.uk/public/templates/lux_hotel/assets/css/webfonts/lato/Lato-Semibold.ttf]
[uiparadox.co.uk/public/templates/lux_hotel/assets/css/webfonts/lato/Lato-Bold.ttf]
[uiparadox.co.uk/public/templates/lux_hotel/assets/css/webfonts/lato/Lato-Heavy.ttf]
[uiparadox.co.uk/public/templates/lux_hotel/assets/media/icon/down-arrow.png]
[uiparadox.co.uk/public/templates/lux_hotel/assets/media/vector/attached.png]
[uiparadox.co.uk/public/templates/lux_hotel/assets/media/bg-shape/top-left-corner-shape.png]
[uiparadox.co.uk/public/templates/lux_hotel/assets/media/bg-shape/top-right-corner-shape.png]
[uiparadox.co.uk/public/templates/lux_hotel/assets/media/bg-shape/heading-mobile-shape.png]
[uiparadox.co.uk/public/templates/lux_hotel/assets/media/vector-shape/testimonial-top-vec.png]
[uiparadox.co.uk/public/templates/lux_hotel/assets/media/bg-shape/heading-mobile-shape-2.png]
[uiparadox.co.uk/public/templates/lux_hotel/assets/media/vector/form-texture.png]
[uiparadox.co.uk/public/templates/lux_hotel/assets/media/bg-shape/footer-bgShape.png]
[uiparadox.co.uk/public/templates/lux_hotel/assets/media/vector-shape/banner-bottom-shape.png]
[uiparadox.co.uk/public/templates/lux_hotel/assets/media/bg-shape/booking-bg-shape.png]
[uiparadox.co.uk/public/templates/lux_hotel/assets/media/vector-shape/mobile-booking-outer.png]
[uiparadox.co.uk/public/templates/lux_hotel/assets/media/bg-shape/booking-shape.png]
[uiparadox.co.uk/public/templates/lux_hotel/assets/media/vector-shape/mobile-booking-vec.png]
[uiparadox.co.uk/public/templates/lux_hotel/assets/media/vector-shape/top-shape.png]
[uiparadox.co.uk/public/templates/lux_hotel/assets/media/vector-shape/body-right.png]
[uiparadox.co.uk/public/templates/lux_hotel/assets/media/vector-shape/body-left.png]
[uiparadox.co.uk/public/templates/lux_hotel/assets/media/vector-shape/room-gallery.png]
[uiparadox.co.uk/public/templates/lux_hotel/assets/media/background/title-banner.png]
[uiparadox.co.uk/public/templates/lux_hotel/assets/media/background/title-banner-2.png]
[uiparadox.co.uk/public/templates/lux_hotel/assets/media/background/title-banner-3.png]
[uiparadox.co.uk/public/templates/lux_hotel/assets/media/background/title-banner-4.png]
[uiparadox.co.uk/public/templates/lux_hotel/assets/media/vector-shape/header-outset.png]
[uiparadox.co.uk/public/templates/lux_hotel/assets/media/vector-shape/header-inset.png]
[uiparadox.co.uk/public/templates/lux_hotel/assets/media/vector-shape/team-cornor.png]
[uiparadox.co.uk/public/templates/lux_hotel/assets/media/icon/calender.png]
[uiparadox.co.uk/public/templates/lux_hotel/assets/media/vector-shape/restaurant-vec.png]
[uiparadox.co.uk/public/templates/lux_hotel/assets/css/app.css]
[uiparadox.co.uk/public/templates/lux_hotel/index-2.html]
[uiparadox.co.uk/public/templates/lux_hotel/assets/media/vector-shape/about-right.png]
[uiparadox.co.uk/public/templates/lux_hotel/assets/media/about/about-1.png]
[uiparadox.co.uk/public/templates/lux_hotel/assets/media/about/about-2.png]
[uiparadox.co.uk/public/templates/lux_hotel/assets/media/about/about-3.png]
[uiparadox.co.uk/public/templates/lux_hotel/assets/media/team/team-1.png]
[uiparadox.co.uk/public/templates/lux_hotel/assets/media/team/team-2.png]
[uiparadox.co.uk/public/templates/lux_hotel/assets/media/team/team-3.png]
[uiparadox.co.uk/public/templates/lux_hotel/assets/media/vector-shape/footer-shape.png]
[uiparadox.co.uk/public/templates/lux_hotel/assets/media/vector-shape/footer-shape-right.png]
[uiparadox.co.uk/public/templates/lux_hotel/about.html]
[uiparadox.co.uk/public/templates/lux_hotel/assets/js/vendor/split_Text.js]
[uiparadox.co.uk/public/templates/lux_hotel/assets/media/card-image/image-16.png]
[uiparadox.co.uk/public/templates/lux_hotel/assets/media/card-image/image-17.png]
[uiparadox.co.uk/public/templates/lux_hotel/assets/media/card-image/image-18.png]
[uiparadox.co.uk/public/templates/lux_hotel/assets/media/card-image/image-19.png]
[uiparadox.co.uk/public/templates/lux_hotel/room-grid.html]
[uiparadox.co.uk/public/templates/lux_hotel/assets/media/card-image/double-room.png]
[uiparadox.co.uk/public/templates/lux_hotel/assets/media/card-image/single-room.png]
[uiparadox.co.uk/public/templates/lux_hotel/room-list.html]
[uiparadox.co.uk/public/templates/lux_hotel/assets/css/vendor/nice-select.css]
[uiparadox.co.uk/public/templates/lux_hotel/assets/media/icon/king-bed.png]
[uiparadox.co.uk/public/templates/lux_hotel/assets/media/icon/led-tv.png]
[uiparadox.co.uk/public/templates/lux_hotel/assets/media/icon/breakfast.png]
[uiparadox.co.uk/public/templates/lux_hotel/assets/media/icon/washing-machine-2.png]
[uiparadox.co.uk/public/templates/lux_hotel/assets/media/icon/internet-wifi.png]
[uiparadox.co.uk/public/templates/lux_hotel/assets/media/icon/swimming-pool.png]
[uiparadox.co.uk/public/templates/lux_hotel/assets/media/user/user-5.png]
[uiparadox.co.uk/public/templates/lux_hotel/assets/media/user/user-6.png]
[uiparadox.co.uk/public/templates/lux_hotel/assets/media/gallery/side-image-1.png]
[uiparadox.co.uk/public/templates/lux_hotel/assets/media/gallery/side-image-2.png]
[uiparadox.co.uk/public/templates/lux_hotel/assets/media/gallery/side-image-3.png]
[uiparadox.co.uk/public/templates/lux_hotel/assets/js/vendor/jquery.nice-select.min.js]
[uiparadox.co.uk/public/templates/lux_hotel/room-detail.html]
[uiparadox.co.uk/public/templates/lux_hotel/assets/media/blog/blog-card-1.png]
[uiparadox.co.uk/public/templates/lux_hotel/assets/media/vector-shape/blog-vec.png]
[uiparadox.co.uk/public/templates/lux_hotel/assets/media/user/user-7.png]
[uiparadox.co.uk/public/templates/lux_hotel/assets/media/blog/blog-card-2.png]
[uiparadox.co.uk/public/templates/lux_hotel/assets/media/blog/blog-card-3.png]
[uiparadox.co.uk/public/templates/lux_hotel/assets/media/blog/blog-card-4.png]
[uiparadox.co.uk/public/templates/lux_hotel/assets/media/blog/blog-card-5.png]
[uiparadox.co.uk/public/templates/lux_hotel/assets/media/blog/blog-card-6.png]
[uiparadox.co.uk/public/templates/lux_hotel/assets/media/blog/blog-card-7.png]
[uiparadox.co.uk/public/templates/lux_hotel/assets/media/blog/blog-card-8.png]
[uiparadox.co.uk/public/templates/lux_hotel/assets/media/blog/blog-card-9.png]
[uiparadox.co.uk/public/templates/lux_hotel/blog-grid.html]
[uiparadox.co.uk/public/templates/lux_hotel/blog-sidebar.html]
[uiparadox.co.uk/public/templates/lux_hotel/assets/media/blog/blog-detail.png]
[uiparadox.co.uk/public/templates/lux_hotel/assets/media/vector-shape/blog-detail-vec.png]
[uiparadox.co.uk/public/templates/lux_hotel/assets/media/blog/blog-detail-1.png]
[uiparadox.co.uk/public/templates/lux_hotel/assets/media/blog/blog-detail-2.png]
[uiparadox.co.uk/public/templates/lux_hotel/assets/media/user/user-8.png]
[uiparadox.co.uk/public/templates/lux_hotel/assets/media/user/user-9.png]
[uiparadox.co.uk/public/templates/lux_hotel/assets/media/user/user-10.png]
[uiparadox.co.uk/public/templates/lux_hotel/blog-detail.html]
[uiparadox.co.uk/public/templates/lux_hotel/assets/media/card-image/restaurant-1.png]
[uiparadox.co.uk/public/templates/lux_hotel/assets/media/card-image/restaurant-2.png]
[uiparadox.co.uk/public/templates/lux_hotel/assets/media/card-image/restaurant-3.png]
[uiparadox.co.uk/public/templates/lux_hotel/assets/media/card-image/menu-1.png]
[uiparadox.co.uk/public/templates/lux_hotel/assets/media/vector-shape/menu-vec.png]
[uiparadox.co.uk/public/templates/lux_hotel/assets/media/card-image/menu-2.png]
[uiparadox.co.uk/public/templates/lux_hotel/assets/media/card-image/menu-3.png]
[uiparadox.co.uk/public/templates/lux_hotel/assets/media/card-image/menu-4.png]
[uiparadox.co.uk/public/templates/lux_hotel/assets/media/card-image/menu-5.png]
[uiparadox.co.uk/public/templates/lux_hotel/assets/media/card-image/menu-6.png]
[uiparadox.co.uk/public/templates/lux_hotel/assets/media/card-image/menu-7.png]
[uiparadox.co.uk/public/templates/lux_hotel/assets/media/card-image/menu-8.png]
[uiparadox.co.uk/public/templates/lux_hotel/assets/media/card-image/menu-9.png]
[uiparadox.co.uk/public/templates/lux_hotel/restaurant.html]
[uiparadox.co.uk/public/templates/lux_hotel/assets/media/card-image/spa-main-img.png]
[uiparadox.co.uk/public/templates/lux_hotel/assets/media/vector-shape/spa-vec.png]
[uiparadox.co.uk/public/templates/lux_hotel/assets/media/vector-shape/spa-content-vec.png]
[uiparadox.co.uk/public/templates/lux_hotel/assets/media/vector-shape/spa-mobile-corner.png]
[uiparadox.co.uk/public/templates/lux_hotel/assets/media/card-image/spa-image-1.png]
[uiparadox.co.uk/public/templates/lux_hotel/assets/media/card-image/spa-image-2.png]
[uiparadox.co.uk/public/templates/lux_hotel/assets/media/card-image/spa-image-3.png]
[uiparadox.co.uk/public/templates/lux_hotel/spa-relax.html]
[uiparadox.co.uk/public/templates/lux_hotel/assets/media/gallery/image-1.png]
[uiparadox.co.uk/public/templates/lux_hotel/assets/media/gallery/image-2.png]
[uiparadox.co.uk/public/templates/lux_hotel/assets/media/gallery/image-6.png]
[uiparadox.co.uk/public/templates/lux_hotel/assets/media/gallery/image-3.png]
[uiparadox.co.uk/public/templates/lux_hotel/assets/media/gallery/image-4.png]
[uiparadox.co.uk/public/templates/lux_hotel/assets/media/gallery/image-7.png]
[uiparadox.co.uk/public/templates/lux_hotel/assets/media/gallery/image-8.png]
[uiparadox.co.uk/public/templates/lux_hotel/assets/media/gallery/image-5.png]
[uiparadox.co.uk/public/templates/lux_hotel/assets/media/gallery/image-9.png]
[uiparadox.co.uk/public/templates/lux_hotel/assets/media/gallery/image-10.png]
[uiparadox.co.uk/public/templates/lux_hotel/assets/media/gallery/image-14.png]
[uiparadox.co.uk/public/templates/lux_hotel/assets/media/gallery/image-11.png]
[uiparadox.co.uk/public/templates/lux_hotel/assets/media/gallery/image-12.png]
[uiparadox.co.uk/public/templates/lux_hotel/assets/media/gallery/image-15.png]
[uiparadox.co.uk/public/templates/lux_hotel/assets/media/gallery/image-16.png]
[uiparadox.co.uk/public/templates/lux_hotel/assets/media/gallery/image-13.png]
[uiparadox.co.uk/public/templates/lux_hotel/gallery.html]
[uiparadox.co.uk/public/templates/lux_hotel/offers.html]
[uiparadox.co.uk/public/templates/lux_hotel/assets/media/card-image/booking-image.png]
[uiparadox.co.uk/public/templates/lux_hotel/booking.html]
[uiparadox.co.uk/public/templates/lux_hotel/register.html]
[uiparadox.co.uk/public/templates/lux_hotel/login.html]
[uiparadox.co.uk/public/templates/lux_hotel/assets/media/cs-logo.png]
[uiparadox.co.uk/public/templates/lux_hotel/assets/js/vendor/jquery.countdown.min.js]
[uiparadox.co.uk/public/templates/lux_hotel/coming-soon.html]
[uiparadox.co.uk/public/templates/lux_hotel/assets/media/vector-shape/404-vec.png]
[uiparadox.co.uk/public/templates/lux_hotel/error.html]
[uiparadox.co.uk/public/templates/lux_hotel/contact.html]
[uiparadox.co.uk/public/templates/lux_hotel/assets/media/background/banner-bg-3.png]
[uiparadox.co.uk/public/templates/lux_hotel/assets/media/video/hotel-video.mp4]
[uiparadox.co.uk/public/templates/lux_hotel/assets/media/card-image/image-1.png]
[uiparadox.co.uk/public/templates/lux_hotel/assets/media/gallery/6.png]
[uiparadox.co.uk/public/templates/lux_hotel/assets/css/webfonts/fa-duotone-900.woff2]
[uiparadox.co.uk/public/templates/lux_hotel/assets/css/webfonts/fa-duotone-900.ttf]
[uiparadox.co.uk/public/templates/lux_hotel/assets/css/webfonts/fa-light-300.ttf]
[uiparadox.co.uk/public/templates/lux_hotel/assets/css/webfonts/fa-regular-400.woff2]
[uiparadox.co.uk/public/templates/lux_hotel/assets/css/webfonts/fa-regular-400.ttf]
[uiparadox.co.uk/public/templates/lux_hotel/assets/media/vector/attached.html]
[uiparadox.co.uk/public/templates/lux_hotel/assets/media/vector/form-texture.html]
[uiparadox.co.uk/public/templates/lux_hotel/assets/css/vendor/nice-select.css]
[uiparadox.co.uk/public/templates/lux_hotel/assets/css/webfonts/fa-solid-900.woff2]
[uiparadox.co.uk/public/templates/lux_hotel/assets/media/background/banner-bg-3.png]
[uiparadox.co.uk/public/templates/lux_hotel/assets/media/bg-shape/footer-bg-shape.png]
[uiparadox.co.uk/public/templates/lux_hotel/assets/media/background/banner-bg.html]
[uiparadox.co.uk/public/templates/lux_hotel/assets/css/webfonts/fa-solid-900.ttf]
[uiparadox.co.uk/public/templates/lux_hotel/assets/css/webfonts/fa-thin-100.woff2]
